Minishell>> echo " $?"
(nao imprime o valor do exit status)

Minishell>>export A-
(falta verificar "valid identifier" e alterar exit_status) -> fixed

Minishell>>cd hi hi -> fixed
(está a imprimir o erro no fd1) ->fixed

Minishell>> echo hi < Makefile bye
(devia imprimir hi bye) ->fixed
